# MethodTemplate proto

method_id: {
  name: "new_method_with_refs"
}

arg_templates: {
  key: "arg1"
  value: {
    value: {
      # The full struct is a constant.
      struct: {
        fields: {
          key: "const_ref_field"
          value: {
            primitive: {
              type_hint: "string_constant_1"
              string_value: {
                value: "7c73565e-0d62-49b0-84e7-3063f4d53d9c"
              }
            }
          }
        }
      }
    }
  }
}
