# MethodTemplate proto

method_id: {
  name: "new_method_with_refs"
}

arg_templates: {
  key: "arg1"
  value: {
    # This became a constant because the nested refs are resolved to a constant.
    value: {
      primitive: {
        type_hint: "string_constant_1"
        string_value: {
          value: "7c73565e-0d62-49b0-84e7-3063f4d53d9c"
        }
      }
    }
  }
}

arg_templates: {
  key: "arg2"
  value: {
    ref: {
      method_index: 1
      arg_ref: {
        # Reference an arg that is itself a reference to a resposne.
        key: "nested_ref_to_response_arg"
        data_ref: {
          primitive_ref: {}
        }
      }
    }
  }
}
