# MethodTemplate proto

method_id: {
  name: "new_method_with_refs"
}

arg_templates: {
  key: "arg1"
  value: {
    struct_template: {
      field_templates: {
        key: "field_with_ref_to_const"
        value: {
          value: {
            primitive: {
              type_hint: "string_constant_1"
              string_value: {
                value: "7c73565e-0d62-49b0-84e7-3063f4d53d9c"
              }
            }
          }
        }
      }
      field_templates: {
        key: "field_with_ref_to_response"
        value: {
          ref: {
            method_index: 0
            response_ref: {
              key: "response_1"
              data_ref: {
                primitive_ref: {}
              }
            }
          }
        }
      }
    }
  }
}
