# MethodTemplate proto

method_id: {
  name: "new_method_with_refs"
}

arg_templates: {
  key: "arg1"
  value: {
    list_template: {
      elem_templates: {
        value: {
          primitive: {
            type_hint: "string_constant_1"
            string_value: {
              value: "7c73565e-0d62-49b0-84e7-3063f4d53d9c"
            }
          }
        }
      }
      elem_templates: {
        ref: {
          method_index: 0
          response_ref: {
            key: "response_1"
            data_ref: {
              primitive_ref: {}
            }
          }
        }
      }
    }
  }
}
